// Jest Snapshot v1, https://goo.gl/fbAQLP

exports[`<LinksLoader /> renders LinksLoader 1`] = `<div />`;
