// Jest Snapshot v1, https://goo.gl/fbAQLP

exports[`<Pagination /> renders Pagination 1`] = `
<div>
  <div
    aria-label="Pagination Navigation"
    class="ui pagination menu"
    role="navigation"
  >
    <a
      aria-current="false"
      aria-disabled="false"
      aria-label="First item"
      class="item"
      tabindex="0"
      type="firstItem"
      value="1"
    >
      «
    </a>
    <a
      aria-current="false"
      aria-disabled="false"
      aria-label="Previous item"
      class="item"
      tabindex="0"
      type="prevItem"
      value="1"
    >
      ⟨
    </a>
    <a
      aria-current="true"
      aria-disabled="false"
      class="active item"
      tabindex="0"
      type="pageItem"
      value="1"
    >
      1
    </a>
    <a
      aria-current="false"
      aria-disabled="false"
      class="item"
      tabindex="0"
      type="pageItem"
      value="2"
    >
      2
    </a>
    <a
      aria-current="false"
      aria-disabled="false"
      class="item"
      tabindex="0"
      type="pageItem"
      value="3"
    >
      3
    </a>
    <a
      aria-current="false"
      aria-disabled="false"
      class="item"
      tabindex="0"
      type="pageItem"
      value="4"
    >
      4
    </a>
    <a
      aria-current="false"
      aria-disabled="false"
      class="item"
      tabindex="0"
      type="pageItem"
      value="5"
    >
      5
    </a>
    <a
      aria-current="false"
      aria-disabled="true"
      class="item"
      tabindex="-1"
      type="ellipsisItem"
      value="6"
    >
      ...
    </a>
    <a
      aria-current="false"
      aria-disabled="false"
      class="item"
      tabindex="0"
      type="pageItem"
      value="10"
    >
      10
    </a>
    <a
      aria-current="false"
      aria-disabled="false"
      aria-label="Next item"
      class="item"
      tabindex="0"
      type="nextItem"
      value="2"
    >
      ⟩
    </a>
    <a
      aria-current="false"
      aria-disabled="false"
      aria-label="Last item"
      class="item"
      tabindex="0"
      type="lastItem"
      value="10"
    >
      »
    </a>
  </div>
</div>
`;
