// Jest Snapshot v1, https://goo.gl/fbAQLP

exports[`<Redirector /> renders Redirector 1`] = `<div />`;
